// Jest Snapshot v1, https://goo.gl/fbAQLP

exports[`NoMatch should match snapshot 1`] = `
<div
  className="NoMatch"
>
  <h2>
    Sorry, this page doesn't exist.
  </h2>
  <h3>
    Return to the
    <NavLink
      className="NavText"
      to="/"
    >
      Welcome Center
    </NavLink>
  </h3>
  <img
    alt="National Parks Service arrowhead logo"
    src="US-NationalParkService-Logo.svg"
  />
</div>
`;
